Archive member included to satisfy reference by file (symbol)

/Users/Tilman/Documents/CCS/ccsv8/tools/compiler/gcc-arm-none-eabi-7-2017-q4-major/bin/../lib/gcc/arm-none-eabi/7.2.1/../../../../arm-none-eabi/lib/thumb/v7e-m/fpv4-sp/hard/libg.a(lib_a-exit.o)
                              /Users/Tilman/Documents/CCS/ccsv8/tools/compiler/gcc-arm-none-eabi-7-2017-q4-major/bin/../lib/gcc/arm-none-eabi/7.2.1/../../../../arm-none-eabi/lib/thumb/v7e-m/fpv4-sp/hard/crt0.o (exit)
/Users/Tilman/Documents/CCS/ccsv8/tools/compiler/gcc-arm-none-eabi-7-2017-q4-major/bin/../lib/gcc/arm-none-eabi/7.2.1/../../../../arm-none-eabi/lib/thumb/v7e-m/fpv4-sp/hard/libg.a(lib_a-impure.o)
                              /Users/Tilman/Documents/CCS/ccsv8/tools/compiler/gcc-arm-none-eabi-7-2017-q4-major/bin/../lib/gcc/arm-none-eabi/7.2.1/../../../../arm-none-eabi/lib/thumb/v7e-m/fpv4-sp/hard/libg.a(lib_a-exit.o) (_global_impure_ptr)
/Users/Tilman/Documents/CCS/ccsv8/tools/compiler/gcc-arm-none-eabi-7-2017-q4-major/bin/../lib/gcc/arm-none-eabi/7.2.1/../../../../arm-none-eabi/lib/thumb/v7e-m/fpv4-sp/hard/libg.a(lib_a-init.o)
                              /Users/Tilman/Documents/CCS/ccsv8/tools/compiler/gcc-arm-none-eabi-7-2017-q4-major/bin/../lib/gcc/arm-none-eabi/7.2.1/../../../../arm-none-eabi/lib/thumb/v7e-m/fpv4-sp/hard/crt0.o (__libc_init_array)
/Users/Tilman/Documents/CCS/ccsv8/tools/compiler/gcc-arm-none-eabi-7-2017-q4-major/bin/../lib/gcc/arm-none-eabi/7.2.1/../../../../arm-none-eabi/lib/thumb/v7e-m/fpv4-sp/hard/libg.a(lib_a-memset.o)
                              /Users/Tilman/Documents/CCS/ccsv8/tools/compiler/gcc-arm-none-eabi-7-2017-q4-major/bin/../lib/gcc/arm-none-eabi/7.2.1/../../../../arm-none-eabi/lib/thumb/v7e-m/fpv4-sp/hard/crt0.o (memset)
/Users/Tilman/Documents/CCS/ccsv8/tools/compiler/gcc-arm-none-eabi-7-2017-q4-major/bin/../lib/gcc/arm-none-eabi/7.2.1/../../../../arm-none-eabi/lib/thumb/v7e-m/fpv4-sp/hard/libg.a(lib_a-__call_atexit.o)
                              /Users/Tilman/Documents/CCS/ccsv8/tools/compiler/gcc-arm-none-eabi-7-2017-q4-major/bin/../lib/gcc/arm-none-eabi/7.2.1/../../../../arm-none-eabi/lib/thumb/v7e-m/fpv4-sp/hard/libg.a(lib_a-exit.o) (__call_exitprocs)
/Users/Tilman/Documents/CCS/ccsv8/tools/compiler/gcc-arm-none-eabi-7-2017-q4-major/bin/../lib/gcc/arm-none-eabi/7.2.1/../../../../arm-none-eabi/lib/thumb/v7e-m/fpv4-sp/hard/libg.a(lib_a-atexit.o)
                              /Users/Tilman/Documents/CCS/ccsv8/tools/compiler/gcc-arm-none-eabi-7-2017-q4-major/bin/../lib/gcc/arm-none-eabi/7.2.1/../../../../arm-none-eabi/lib/thumb/v7e-m/fpv4-sp/hard/libg.a(lib_a-__call_atexit.o) (atexit)
/Users/Tilman/Documents/CCS/ccsv8/tools/compiler/gcc-arm-none-eabi-7-2017-q4-major/bin/../lib/gcc/arm-none-eabi/7.2.1/../../../../arm-none-eabi/lib/thumb/v7e-m/fpv4-sp/hard/libg.a(lib_a-fini.o)
                              /Users/Tilman/Documents/CCS/ccsv8/tools/compiler/gcc-arm-none-eabi-7-2017-q4-major/bin/../lib/gcc/arm-none-eabi/7.2.1/../../../../arm-none-eabi/lib/thumb/v7e-m/fpv4-sp/hard/libg.a(lib_a-__call_atexit.o) (__libc_fini_array)
/Users/Tilman/Documents/CCS/ccsv8/tools/compiler/gcc-arm-none-eabi-7-2017-q4-major/bin/../lib/gcc/arm-none-eabi/7.2.1/../../../../arm-none-eabi/lib/thumb/v7e-m/fpv4-sp/hard/libg.a(lib_a-lock.o)
                              /Users/Tilman/Documents/CCS/ccsv8/tools/compiler/gcc-arm-none-eabi-7-2017-q4-major/bin/../lib/gcc/arm-none-eabi/7.2.1/../../../../arm-none-eabi/lib/thumb/v7e-m/fpv4-sp/hard/libg.a(lib_a-__call_atexit.o) (__retarget_lock_acquire_recursive)
/Users/Tilman/Documents/CCS/ccsv8/tools/compiler/gcc-arm-none-eabi-7-2017-q4-major/bin/../lib/gcc/arm-none-eabi/7.2.1/../../../../arm-none-eabi/lib/thumb/v7e-m/fpv4-sp/hard/libg.a(lib_a-__atexit.o)
                              /Users/Tilman/Documents/CCS/ccsv8/tools/compiler/gcc-arm-none-eabi-7-2017-q4-major/bin/../lib/gcc/arm-none-eabi/7.2.1/../../../../arm-none-eabi/lib/thumb/v7e-m/fpv4-sp/hard/libg.a(lib_a-atexit.o) (__register_exitproc)
/Users/Tilman/Documents/CCS/ccsv8/tools/compiler/gcc-arm-none-eabi-7-2017-q4-major/bin/../lib/gcc/arm-none-eabi/7.2.1/../../../../arm-none-eabi/lib/thumb/v7e-m/fpv4-sp/hard/libnosys.a(_exit.o)
                              /Users/Tilman/Documents/CCS/ccsv8/tools/compiler/gcc-arm-none-eabi-7-2017-q4-major/bin/../lib/gcc/arm-none-eabi/7.2.1/../../../../arm-none-eabi/lib/thumb/v7e-m/fpv4-sp/hard/libg.a(lib_a-exit.o) (_exit)

Allocating common symbols
Common symbol       size              file

__lock___atexit_recursive_mutex
                    0x1               /Users/Tilman/Documents/CCS/ccsv8/tools/compiler/gcc-arm-none-eabi-7-2017-q4-major/bin/../lib/gcc/arm-none-eabi/7.2.1/../../../../arm-none-eabi/lib/thumb/v7e-m/fpv4-sp/hard/libg.a(lib_a-lock.o)
__lock___arc4random_mutex
                    0x1               /Users/Tilman/Documents/CCS/ccsv8/tools/compiler/gcc-arm-none-eabi-7-2017-q4-major/bin/../lib/gcc/arm-none-eabi/7.2.1/../../../../arm-none-eabi/lib/thumb/v7e-m/fpv4-sp/hard/libg.a(lib_a-lock.o)
pos                 0x100             ./rtcs.o
__lock___env_recursive_mutex
                    0x1               /Users/Tilman/Documents/CCS/ccsv8/tools/compiler/gcc-arm-none-eabi-7-2017-q4-major/bin/../lib/gcc/arm-none-eabi/7.2.1/../../../../arm-none-eabi/lib/thumb/v7e-m/fpv4-sp/hard/libg.a(lib_a-lock.o)
__lock___sinit_recursive_mutex
                    0x1               /Users/Tilman/Documents/CCS/ccsv8/tools/compiler/gcc-arm-none-eabi-7-2017-q4-major/bin/../lib/gcc/arm-none-eabi/7.2.1/../../../../arm-none-eabi/lib/thumb/v7e-m/fpv4-sp/hard/libg.a(lib_a-lock.o)
__lock___malloc_recursive_mutex
                    0x1               /Users/Tilman/Documents/CCS/ccsv8/tools/compiler/gcc-arm-none-eabi-7-2017-q4-major/bin/../lib/gcc/arm-none-eabi/7.2.1/../../../../arm-none-eabi/lib/thumb/v7e-m/fpv4-sp/hard/libg.a(lib_a-lock.o)
pof                 0x40              ./main.o
current_task        0x1               ./rtcs.o
pot                 0xc0              ./rtcs.o
poq                 0x1020            ./rtcs.o
__lock___at_quick_exit_mutex
                    0x1               /Users/Tilman/Documents/CCS/ccsv8/tools/compiler/gcc-arm-none-eabi-7-2017-q4-major/bin/../lib/gcc/arm-none-eabi/7.2.1/../../../../arm-none-eabi/lib/thumb/v7e-m/fpv4-sp/hard/libg.a(lib_a-lock.o)
__lock___dd_hash_mutex
                    0x1               /Users/Tilman/Documents/CCS/ccsv8/tools/compiler/gcc-arm-none-eabi-7-2017-q4-major/bin/../lib/gcc/arm-none-eabi/7.2.1/../../../../arm-none-eabi/lib/thumb/v7e-m/fpv4-sp/hard/libg.a(lib_a-lock.o)
__lock___tz_mutex   0x1               /Users/Tilman/Documents/CCS/ccsv8/tools/compiler/gcc-arm-none-eabi-7-2017-q4-major/bin/../lib/gcc/arm-none-eabi/7.2.1/../../../../arm-none-eabi/lib/thumb/v7e-m/fpv4-sp/hard/libg.a(lib_a-lock.o)
__lock___sfp_recursive_mutex
                    0x1               /Users/Tilman/Documents/CCS/ccsv8/tools/compiler/gcc-arm-none-eabi-7-2017-q4-major/bin/../lib/gcc/arm-none-eabi/7.2.1/../../../../arm-none-eabi/lib/thumb/v7e-m/fpv4-sp/hard/libg.a(lib_a-lock.o)

Memory Configuration

Name             Origin             Length             Attributes
FLASH            0x0000000000000000 0x0000000000040000 xr
SRAM             0x0000000020000000 0x0000000000008000 xw
*default*        0x0000000000000000 0xffffffffffffffff

Linker script and memory map

LOAD /Users/Tilman/Documents/CCS/ccsv8/tools/compiler/gcc-arm-none-eabi-7-2017-q4-major/bin/../lib/gcc/arm-none-eabi/7.2.1/thumb/v7e-m/fpv4-sp/hard/crti.o
LOAD /Users/Tilman/Documents/CCS/ccsv8/tools/compiler/gcc-arm-none-eabi-7-2017-q4-major/bin/../lib/gcc/arm-none-eabi/7.2.1/thumb/v7e-m/fpv4-sp/hard/crtbegin.o
LOAD /Users/Tilman/Documents/CCS/ccsv8/tools/compiler/gcc-arm-none-eabi-7-2017-q4-major/bin/../lib/gcc/arm-none-eabi/7.2.1/../../../../arm-none-eabi/lib/thumb/v7e-m/fpv4-sp/hard/crt0.o
LOAD ./debug.o
LOAD ./gpio.o
LOAD ./led.o
LOAD ./main.o
LOAD ./rtcs.o
LOAD ./sw1.o
LOAD ./systick.o
LOAD ./tm4c123gh6pm_startup_ccs_gcc.o
LOAD ./uart.o
                0x0000000000000000                PROVIDE (_intvecs_base_address, 0x0)

.intvecs        0x0000000000000000      0x26c
 *(.intvecs)
 .intvecs       0x0000000000000000      0x26c ./tm4c123gh6pm_startup_ccs_gcc.o
                0x0000000000000000                g_pfnVectors
                0x0000000020000000                PROVIDE (_vtable_base_address, 0x20000000)

.vtable
 *(.vtable)

.text           0x000000000000026c     0x1b18
 CREATE_OBJECT_SYMBOLS
 *(.text)
 .text          0x000000000000026c        0x0 /Users/Tilman/Documents/CCS/ccsv8/tools/compiler/gcc-arm-none-eabi-7-2017-q4-major/bin/../lib/gcc/arm-none-eabi/7.2.1/thumb/v7e-m/fpv4-sp/hard/crti.o
 .text          0x000000000000026c       0x40 /Users/Tilman/Documents/CCS/ccsv8/tools/compiler/gcc-arm-none-eabi-7-2017-q4-major/bin/../lib/gcc/arm-none-eabi/7.2.1/thumb/v7e-m/fpv4-sp/hard/crtbegin.o
 .text          0x00000000000002ac       0x74 /Users/Tilman/Documents/CCS/ccsv8/tools/compiler/gcc-arm-none-eabi-7-2017-q4-major/bin/../lib/gcc/arm-none-eabi/7.2.1/../../../../arm-none-eabi/lib/thumb/v7e-m/fpv4-sp/hard/crt0.o
                0x00000000000002ac                _mainCRTStartup
                0x00000000000002ac                _start
 .text          0x0000000000000320        0x0 ./debug.o
 .text          0x0000000000000320        0x0 ./gpio.o
 .text          0x0000000000000320        0x0 ./led.o
 .text          0x0000000000000320        0x0 ./main.o
 .text          0x0000000000000320        0x0 ./rtcs.o
 .text          0x0000000000000320        0x0 ./sw1.o
 .text          0x0000000000000320        0x0 ./systick.o
 .text          0x0000000000000320        0x0 ./tm4c123gh6pm_startup_ccs_gcc.o
 .text          0x0000000000000320        0x0 ./uart.o
 .text          0x0000000000000320        0x0 /Users/Tilman/Documents/CCS/ccsv8/tools/compiler/gcc-arm-none-eabi-7-2017-q4-major/bin/../lib/gcc/arm-none-eabi/7.2.1/../../../../arm-none-eabi/lib/thumb/v7e-m/fpv4-sp/hard/libg.a(lib_a-exit.o)
 .text          0x0000000000000320        0x0 /Users/Tilman/Documents/CCS/ccsv8/tools/compiler/gcc-arm-none-eabi-7-2017-q4-major/bin/../lib/gcc/arm-none-eabi/7.2.1/../../../../arm-none-eabi/lib/thumb/v7e-m/fpv4-sp/hard/libg.a(lib_a-impure.o)
 .text          0x0000000000000320        0x0 /Users/Tilman/Documents/CCS/ccsv8/tools/compiler/gcc-arm-none-eabi-7-2017-q4-major/bin/../lib/gcc/arm-none-eabi/7.2.1/../../../../arm-none-eabi/lib/thumb/v7e-m/fpv4-sp/hard/libg.a(lib_a-init.o)
 .text          0x0000000000000320        0x0 /Users/Tilman/Documents/CCS/ccsv8/tools/compiler/gcc-arm-none-eabi-7-2017-q4-major/bin/../lib/gcc/arm-none-eabi/7.2.1/../../../../arm-none-eabi/lib/thumb/v7e-m/fpv4-sp/hard/libg.a(lib_a-memset.o)
 .text          0x0000000000000320        0x0 /Users/Tilman/Documents/CCS/ccsv8/tools/compiler/gcc-arm-none-eabi-7-2017-q4-major/bin/../lib/gcc/arm-none-eabi/7.2.1/../../../../arm-none-eabi/lib/thumb/v7e-m/fpv4-sp/hard/libg.a(lib_a-__call_atexit.o)
 .text          0x0000000000000320        0x0 /Users/Tilman/Documents/CCS/ccsv8/tools/compiler/gcc-arm-none-eabi-7-2017-q4-major/bin/../lib/gcc/arm-none-eabi/7.2.1/../../../../arm-none-eabi/lib/thumb/v7e-m/fpv4-sp/hard/libg.a(lib_a-atexit.o)
 .text          0x0000000000000320        0x0 /Users/Tilman/Documents/CCS/ccsv8/tools/compiler/gcc-arm-none-eabi-7-2017-q4-major/bin/../lib/gcc/arm-none-eabi/7.2.1/../../../../arm-none-eabi/lib/thumb/v7e-m/fpv4-sp/hard/libg.a(lib_a-fini.o)
 .text          0x0000000000000320        0x0 /Users/Tilman/Documents/CCS/ccsv8/tools/compiler/gcc-arm-none-eabi-7-2017-q4-major/bin/../lib/gcc/arm-none-eabi/7.2.1/../../../../arm-none-eabi/lib/thumb/v7e-m/fpv4-sp/hard/libg.a(lib_a-lock.o)
 .text          0x0000000000000320        0x0 /Users/Tilman/Documents/CCS/ccsv8/tools/compiler/gcc-arm-none-eabi-7-2017-q4-major/bin/../lib/gcc/arm-none-eabi/7.2.1/../../../../arm-none-eabi/lib/thumb/v7e-m/fpv4-sp/hard/libg.a(lib_a-__atexit.o)
 .text          0x0000000000000320        0x0 /Users/Tilman/Documents/CCS/ccsv8/tools/compiler/gcc-arm-none-eabi-7-2017-q4-major/bin/../lib/gcc/arm-none-eabi/7.2.1/../../../../arm-none-eabi/lib/thumb/v7e-m/fpv4-sp/hard/libnosys.a(_exit.o)
 .text          0x0000000000000320        0x0 /Users/Tilman/Documents/CCS/ccsv8/tools/compiler/gcc-arm-none-eabi-7-2017-q4-major/bin/../lib/gcc/arm-none-eabi/7.2.1/thumb/v7e-m/fpv4-sp/hard/crtend.o
 .text          0x0000000000000320        0x0 /Users/Tilman/Documents/CCS/ccsv8/tools/compiler/gcc-arm-none-eabi-7-2017-q4-major/bin/../lib/gcc/arm-none-eabi/7.2.1/thumb/v7e-m/fpv4-sp/hard/crtn.o
 *(.text.*)
 .text.debug_task
                0x0000000000000320       0xcc ./debug.o
                0x0000000000000320                debug_task
 .text.init_gpio
                0x00000000000003ec       0x78 ./gpio.o
                0x00000000000003ec                init_gpio
 .text.setLed   0x0000000000000464       0x2c ./led.o
                0x0000000000000464                setLed
 .text.clearLed
                0x0000000000000490       0x28 ./led.o
                0x0000000000000490                clearLed
 .text.yellow_led_task
                0x00000000000004b8       0x66 ./led.o
                0x00000000000004b8                yellow_led_task
 *fill*         0x000000000000051e        0x2 
 .text.red_led_task
                0x0000000000000520       0x54 ./led.o
                0x0000000000000520                red_led_task
 .text.green_led_task
                0x0000000000000574       0x4c ./led.o
                0x0000000000000574                green_led_task
 .text.putc1    0x00000000000005c0       0x40 ./main.o
                0x00000000000005c0                putc1
 .text.putStr   0x0000000000000600       0x2c ./main.o
                0x0000000000000600                putStr
 .text.putChars
                0x000000000000062c       0x30 ./main.o
                0x000000000000062c                putChars
 .text.putDec   0x000000000000065c      0x114 ./main.o
                0x000000000000065c                putDec
 .text.putHex   0x0000000000000770       0x92 ./main.o
                0x0000000000000770                putHex
 *fill*         0x0000000000000802        0x2 
 .text.gprint   0x0000000000000804      0x340 ./main.o
                0x0000000000000804                gprint
 .text.gfprintf
                0x0000000000000b44       0x2a ./main.o
                0x0000000000000b44                gfprintf
 .text.print    0x0000000000000b6e       0x2c ./main.o
                0x0000000000000b6e                print
 .text.gprintf  0x0000000000000b9a       0x2c ./main.o
                0x0000000000000b9a                gprintf
 .text.gsprintf
                0x0000000000000bc6       0x34 ./main.o
                0x0000000000000bc6                gsprintf
 *fill*         0x0000000000000bfa        0x2 
 .text.put_file
                0x0000000000000bfc       0x34 ./main.o
                0x0000000000000bfc                put_file
 .text.get_file
                0x0000000000000c30       0x3c ./main.o
                0x0000000000000c30                get_file
 .text.init_files
                0x0000000000000c6c       0x50 ./main.o
                0x0000000000000c6c                init_files
 .text.main     0x0000000000000cbc       0x90 ./main.o
                0x0000000000000cbc                main
 .text.retrieve_id
                0x0000000000000d4c       0x20 ./rtcs.o
                0x0000000000000d4c                retrieve_id
 .text.i_am_alive
                0x0000000000000d6c       0x5c ./rtcs.o
                0x0000000000000d6c                i_am_alive
 .text.set_state
                0x0000000000000dc8       0x38 ./rtcs.o
                0x0000000000000dc8                set_state
 .text.wait     0x0000000000000e00       0x4c ./rtcs.o
                0x0000000000000e00                wait
 .text.wait_sem
                0x0000000000000e4c       0xf0 ./rtcs.o
                0x0000000000000e4c                wait_sem
 .text.signal   0x0000000000000f3c       0x38 ./rtcs.o
                0x0000000000000f3c                signal
 .text.preset_sem
                0x0000000000000f74       0x34 ./rtcs.o
                0x0000000000000f74                preset_sem
 .text.open_queue
                0x0000000000000fa8       0x98 ./rtcs.o
                0x0000000000000fa8                open_queue
 .text.put_queue
                0x0000000000001040       0xcc ./rtcs.o
                0x0000000000001040                put_queue
 .text.get_queue
                0x000000000000110c       0xd4 ./rtcs.o
                0x000000000000110c                get_queue
 .text.start_task
                0x00000000000011e0       0xa0 ./rtcs.o
                0x00000000000011e0                start_task
 .text.init_rtcs
                0x0000000000001280       0x48 ./rtcs.o
                0x0000000000001280                init_rtcs
 .text.debug    0x00000000000012c8       0xb0 ./rtcs.o
                0x00000000000012c8                debug
 .text.schedule
                0x0000000000001378      0x224 ./rtcs.o
                0x0000000000001378                schedule
 .text.sw1_pushed
                0x000000000000159c       0x24 ./sw1.o
                0x000000000000159c                sw1_pushed
 .text.sw1_task
                0x00000000000015c0       0x64 ./sw1.o
                0x00000000000015c0                sw1_task
 .text.systick_handler
                0x0000000000001624       0x24 ./systick.o
                0x0000000000001624                systick_handler
 .text.enable_global_int
                0x0000000000001648       0x10 ./systick.o
                0x0000000000001648                enable_global_int
 .text.disable_global_int
                0x0000000000001658       0x10 ./systick.o
                0x0000000000001658                disable_global_int
 .text.init_systick
                0x0000000000001668       0x88 ./systick.o
                0x0000000000001668                init_systick
 .text.ResetISR
                0x00000000000016f0       0x6c ./tm4c123gh6pm_startup_ccs_gcc.o
                0x00000000000016f0                ResetISR
 .text.NmiSR    0x000000000000175c        0x6 ./tm4c123gh6pm_startup_ccs_gcc.o
 .text.FaultISR
                0x0000000000001762        0x6 ./tm4c123gh6pm_startup_ccs_gcc.o
 .text.IntDefaultHandler
                0x0000000000001768        0x6 ./tm4c123gh6pm_startup_ccs_gcc.o
 *fill*         0x000000000000176e        0x2 
 .text.uart0_rx_rdy
                0x0000000000001770       0x20 ./uart.o
                0x0000000000001770                uart0_rx_rdy
 .text.uart0_getc
                0x0000000000001790       0x18 ./uart.o
                0x0000000000001790                uart0_getc
 .text.uart0_tx_rdy
                0x00000000000017a8       0x20 ./uart.o
                0x00000000000017a8                uart0_tx_rdy
 .text.uart0_putc
                0x00000000000017c8       0x20 ./uart.o
                0x00000000000017c8                uart0_putc
 .text.uart_rx_task
                0x00000000000017e8       0x48 ./uart.o
                0x00000000000017e8                uart_rx_task
 .text.uart_tx_task
                0x0000000000001830       0x4c ./uart.o
                0x0000000000001830                uart_tx_task
 .text.lcrh_databits
                0x000000000000187c       0x2c ./uart.o
                0x000000000000187c                lcrh_databits
 .text.lcrh_stopbits
                0x00000000000018a8       0x22 ./uart.o
                0x00000000000018a8                lcrh_stopbits
 .text.lcrh_parity
                0x00000000000018ca       0x4e ./uart.o
                0x00000000000018ca                lcrh_parity
 .text.uart0_fifos_enable
                0x0000000000001918       0x20 ./uart.o
                0x0000000000001918                uart0_fifos_enable
 .text.uart0_fifos_disable
                0x0000000000001938       0x20 ./uart.o
                0x0000000000001938                uart0_fifos_disable
 .text.uart0_init
                0x0000000000001958       0xe4 ./uart.o
                0x0000000000001958                uart0_init
 .text.exit     0x0000000000001a3c       0x20 /Users/Tilman/Documents/CCS/ccsv8/tools/compiler/gcc-arm-none-eabi-7-2017-q4-major/bin/../lib/gcc/arm-none-eabi/7.2.1/../../../../arm-none-eabi/lib/thumb/v7e-m/fpv4-sp/hard/libg.a(lib_a-exit.o)
                0x0000000000001a3c                exit
 .text.__libc_init_array
                0x0000000000001a5c       0x48 /Users/Tilman/Documents/CCS/ccsv8/tools/compiler/gcc-arm-none-eabi-7-2017-q4-major/bin/../lib/gcc/arm-none-eabi/7.2.1/../../../../arm-none-eabi/lib/thumb/v7e-m/fpv4-sp/hard/libg.a(lib_a-init.o)
                0x0000000000001a5c                __libc_init_array
 .text.memset   0x0000000000001aa4       0x94 /Users/Tilman/Documents/CCS/ccsv8/tools/compiler/gcc-arm-none-eabi-7-2017-q4-major/bin/../lib/gcc/arm-none-eabi/7.2.1/../../../../arm-none-eabi/lib/thumb/v7e-m/fpv4-sp/hard/libg.a(lib_a-memset.o)
                0x0000000000001aa4                memset
 .text.startup.register_fini
                0x0000000000001b38       0x14 /Users/Tilman/Documents/CCS/ccsv8/tools/compiler/gcc-arm-none-eabi-7-2017-q4-major/bin/../lib/gcc/arm-none-eabi/7.2.1/../../../../arm-none-eabi/lib/thumb/v7e-m/fpv4-sp/hard/libg.a(lib_a-__call_atexit.o)
 .text.__call_exitprocs
                0x0000000000001b4c       0xe8 /Users/Tilman/Documents/CCS/ccsv8/tools/compiler/gcc-arm-none-eabi-7-2017-q4-major/bin/../lib/gcc/arm-none-eabi/7.2.1/../../../../arm-none-eabi/lib/thumb/v7e-m/fpv4-sp/hard/libg.a(lib_a-__call_atexit.o)
                0x0000000000001b4c                __call_exitprocs
 .text.atexit   0x0000000000001c34        0xc /Users/Tilman/Documents/CCS/ccsv8/tools/compiler/gcc-arm-none-eabi-7-2017-q4-major/bin/../lib/gcc/arm-none-eabi/7.2.1/../../../../arm-none-eabi/lib/thumb/v7e-m/fpv4-sp/hard/libg.a(lib_a-atexit.o)
                0x0000000000001c34                atexit
 .text.__libc_fini_array
                0x0000000000001c40       0x34 /Users/Tilman/Documents/CCS/ccsv8/tools/compiler/gcc-arm-none-eabi-7-2017-q4-major/bin/../lib/gcc/arm-none-eabi/7.2.1/../../../../arm-none-eabi/lib/thumb/v7e-m/fpv4-sp/hard/libg.a(lib_a-fini.o)
                0x0000000000001c40                __libc_fini_array
 .text.__retarget_lock_init
                0x0000000000001c74        0x4 /Users/Tilman/Documents/CCS/ccsv8/tools/compiler/gcc-arm-none-eabi-7-2017-q4-major/bin/../lib/gcc/arm-none-eabi/7.2.1/../../../../arm-none-eabi/lib/thumb/v7e-m/fpv4-sp/hard/libg.a(lib_a-lock.o)
                0x0000000000001c74                __retarget_lock_init
 .text.__retarget_lock_init_recursive
                0x0000000000001c78        0x4 /Users/Tilman/Documents/CCS/ccsv8/tools/compiler/gcc-arm-none-eabi-7-2017-q4-major/bin/../lib/gcc/arm-none-eabi/7.2.1/../../../../arm-none-eabi/lib/thumb/v7e-m/fpv4-sp/hard/libg.a(lib_a-lock.o)
                0x0000000000001c78                __retarget_lock_init_recursive
 .text.__retarget_lock_close
                0x0000000000001c7c        0x4 /Users/Tilman/Documents/CCS/ccsv8/tools/compiler/gcc-arm-none-eabi-7-2017-q4-major/bin/../lib/gcc/arm-none-eabi/7.2.1/../../../../arm-none-eabi/lib/thumb/v7e-m/fpv4-sp/hard/libg.a(lib_a-lock.o)
                0x0000000000001c7c                __retarget_lock_close
 .text.__retarget_lock_close_recursive
                0x0000000000001c80        0x4 /Users/Tilman/Documents/CCS/ccsv8/tools/compiler/gcc-arm-none-eabi-7-2017-q4-major/bin/../lib/gcc/arm-none-eabi/7.2.1/../../../../arm-none-eabi/lib/thumb/v7e-m/fpv4-sp/hard/libg.a(lib_a-lock.o)
                0x0000000000001c80                __retarget_lock_close_recursive
 .text.__retarget_lock_acquire
                0x0000000000001c84        0x4 /Users/Tilman/Documents/CCS/ccsv8/tools/compiler/gcc-arm-none-eabi-7-2017-q4-major/bin/../lib/gcc/arm-none-eabi/7.2.1/../../../../arm-none-eabi/lib/thumb/v7e-m/fpv4-sp/hard/libg.a(lib_a-lock.o)
                0x0000000000001c84                __retarget_lock_acquire
 .text.__retarget_lock_acquire_recursive
                0x0000000000001c88        0x4 /Users/Tilman/Documents/CCS/ccsv8/tools/compiler/gcc-arm-none-eabi-7-2017-q4-major/bin/../lib/gcc/arm-none-eabi/7.2.1/../../../../arm-none-eabi/lib/thumb/v7e-m/fpv4-sp/hard/libg.a(lib_a-lock.o)
                0x0000000000001c88                __retarget_lock_acquire_recursive
 .text.__retarget_lock_try_acquire
                0x0000000000001c8c        0x4 /Users/Tilman/Documents/CCS/ccsv8/tools/compiler/gcc-arm-none-eabi-7-2017-q4-major/bin/../lib/gcc/arm-none-eabi/7.2.1/../../../../arm-none-eabi/lib/thumb/v7e-m/fpv4-sp/hard/libg.a(lib_a-lock.o)
                0x0000000000001c8c                __retarget_lock_try_acquire
 .text.__retarget_lock_try_acquire_recursive
                0x0000000000001c90        0x4 /Users/Tilman/Documents/CCS/ccsv8/tools/compiler/gcc-arm-none-eabi-7-2017-q4-major/bin/../lib/gcc/arm-none-eabi/7.2.1/../../../../arm-none-eabi/lib/thumb/v7e-m/fpv4-sp/hard/libg.a(lib_a-lock.o)
                0x0000000000001c90                __retarget_lock_try_acquire_recursive
 .text.__retarget_lock_release
                0x0000000000001c94        0x4 /Users/Tilman/Documents/CCS/ccsv8/tools/compiler/gcc-arm-none-eabi-7-2017-q4-major/bin/../lib/gcc/arm-none-eabi/7.2.1/../../../../arm-none-eabi/lib/thumb/v7e-m/fpv4-sp/hard/libg.a(lib_a-lock.o)
                0x0000000000001c94                __retarget_lock_release
 .text.__retarget_lock_release_recursive
                0x0000000000001c98        0x4 /Users/Tilman/Documents/CCS/ccsv8/tools/compiler/gcc-arm-none-eabi-7-2017-q4-major/bin/../lib/gcc/arm-none-eabi/7.2.1/../../../../arm-none-eabi/lib/thumb/v7e-m/fpv4-sp/hard/libg.a(lib_a-lock.o)
                0x0000000000001c98                __retarget_lock_release_recursive
 .text.__register_exitproc
                0x0000000000001c9c       0xc0 /Users/Tilman/Documents/CCS/ccsv8/tools/compiler/gcc-arm-none-eabi-7-2017-q4-major/bin/../lib/gcc/arm-none-eabi/7.2.1/../../../../arm-none-eabi/lib/thumb/v7e-m/fpv4-sp/hard/libg.a(lib_a-__atexit.o)
                0x0000000000001c9c                __register_exitproc
 .text._exit    0x0000000000001d5c        0x4 /Users/Tilman/Documents/CCS/ccsv8/tools/compiler/gcc-arm-none-eabi-7-2017-q4-major/bin/../lib/gcc/arm-none-eabi/7.2.1/../../../../arm-none-eabi/lib/thumb/v7e-m/fpv4-sp/hard/libnosys.a(_exit.o)
                0x0000000000001d5c                _exit
                0x0000000000001d60                . = ALIGN (0x4)
 *(.ctors)
                0x0000000000001d60                . = ALIGN (0x4)
 *(.dtors)
                0x0000000000001d60                . = ALIGN (0x4)
                0x0000000000001d60                __init_array_start = .
 *(.init_array*)
 .init_array    0x0000000000001d60        0x4 /Users/Tilman/Documents/CCS/ccsv8/tools/compiler/gcc-arm-none-eabi-7-2017-q4-major/bin/../lib/gcc/arm-none-eabi/7.2.1/thumb/v7e-m/fpv4-sp/hard/crtbegin.o
 .init_array.00000
                0x0000000000001d64        0x4 /Users/Tilman/Documents/CCS/ccsv8/tools/compiler/gcc-arm-none-eabi-7-2017-q4-major/bin/../lib/gcc/arm-none-eabi/7.2.1/../../../../arm-none-eabi/lib/thumb/v7e-m/fpv4-sp/hard/libg.a(lib_a-__call_atexit.o)
                0x0000000000001d68                __init_array_end = .
 *(.init)
 .init          0x0000000000001d68        0x4 /Users/Tilman/Documents/CCS/ccsv8/tools/compiler/gcc-arm-none-eabi-7-2017-q4-major/bin/../lib/gcc/arm-none-eabi/7.2.1/thumb/v7e-m/fpv4-sp/hard/crti.o
                0x0000000000001d68                _init
 .init          0x0000000000001d6c        0x8 /Users/Tilman/Documents/CCS/ccsv8/tools/compiler/gcc-arm-none-eabi-7-2017-q4-major/bin/../lib/gcc/arm-none-eabi/7.2.1/thumb/v7e-m/fpv4-sp/hard/crtn.o
 *(.fini*)
 .fini          0x0000000000001d74        0x4 /Users/Tilman/Documents/CCS/ccsv8/tools/compiler/gcc-arm-none-eabi-7-2017-q4-major/bin/../lib/gcc/arm-none-eabi/7.2.1/thumb/v7e-m/fpv4-sp/hard/crti.o
                0x0000000000001d74                _fini
 .fini_array    0x0000000000001d78        0x4 /Users/Tilman/Documents/CCS/ccsv8/tools/compiler/gcc-arm-none-eabi-7-2017-q4-major/bin/../lib/gcc/arm-none-eabi/7.2.1/thumb/v7e-m/fpv4-sp/hard/crtbegin.o
 .fini          0x0000000000001d7c        0x8 /Users/Tilman/Documents/CCS/ccsv8/tools/compiler/gcc-arm-none-eabi-7-2017-q4-major/bin/../lib/gcc/arm-none-eabi/7.2.1/thumb/v7e-m/fpv4-sp/hard/crtn.o
                [!provide]                        PROVIDE (__etext, .)
                [!provide]                        PROVIDE (_etext, .)
                [!provide]                        PROVIDE (etext, .)

.glue_7         0x0000000000001d84        0x0
 .glue_7        0x0000000000001d84        0x0 linker stubs

.glue_7t        0x0000000000001d84        0x0
 .glue_7t       0x0000000000001d84        0x0 linker stubs

.vfp11_veneer   0x0000000000001d84        0x0
 .vfp11_veneer  0x0000000000001d84        0x0 linker stubs

.v4_bx          0x0000000000001d84        0x0
 .v4_bx         0x0000000000001d84        0x0 linker stubs

.iplt           0x0000000000001d84        0x0
 .iplt          0x0000000000001d84        0x0 /Users/Tilman/Documents/CCS/ccsv8/tools/compiler/gcc-arm-none-eabi-7-2017-q4-major/bin/../lib/gcc/arm-none-eabi/7.2.1/thumb/v7e-m/fpv4-sp/hard/crtbegin.o

.rodata         0x0000000000001d84       0x6c
 *(.rodata)
 .rodata        0x0000000000001d84        0x9 ./debug.o
 *fill*         0x0000000000001d8d        0x3 
 .rodata        0x0000000000001d90        0x9 ./main.o
 *fill*         0x0000000000001d99        0x3 
 .rodata        0x0000000000001d9c       0x50 ./rtcs.o
 *(.rodata*)
 .rodata._global_impure_ptr
                0x0000000000001dec        0x4 /Users/Tilman/Documents/CCS/ccsv8/tools/compiler/gcc-arm-none-eabi-7-2017-q4-major/bin/../lib/gcc/arm-none-eabi/7.2.1/../../../../arm-none-eabi/lib/thumb/v7e-m/fpv4-sp/hard/libg.a(lib_a-impure.o)
                0x0000000000001dec                _global_impure_ptr

.eh_frame       0x0000000000001df0        0x4
 .eh_frame      0x0000000000001df0        0x0 /Users/Tilman/Documents/CCS/ccsv8/tools/compiler/gcc-arm-none-eabi-7-2017-q4-major/bin/../lib/gcc/arm-none-eabi/7.2.1/thumb/v7e-m/fpv4-sp/hard/crtbegin.o
 .eh_frame      0x0000000000001df0        0x4 /Users/Tilman/Documents/CCS/ccsv8/tools/compiler/gcc-arm-none-eabi-7-2017-q4-major/bin/../lib/gcc/arm-none-eabi/7.2.1/thumb/v7e-m/fpv4-sp/hard/crtend.o

.data           0x0000000020000000      0x434 load address 0x0000000000001df4
                0x0000000000001df4                __data_load__ = LOADADDR (.data)
                0x0000000020000000                __data_start__ = .
 *(.data)
 .data          0x0000000020000000        0x0 /Users/Tilman/Documents/CCS/ccsv8/tools/compiler/gcc-arm-none-eabi-7-2017-q4-major/bin/../lib/gcc/arm-none-eabi/7.2.1/thumb/v7e-m/fpv4-sp/hard/crti.o
 .data          0x0000000020000000        0x4 /Users/Tilman/Documents/CCS/ccsv8/tools/compiler/gcc-arm-none-eabi-7-2017-q4-major/bin/../lib/gcc/arm-none-eabi/7.2.1/thumb/v7e-m/fpv4-sp/hard/crtbegin.o
                0x0000000020000000                __dso_handle
 .data          0x0000000020000004        0x0 /Users/Tilman/Documents/CCS/ccsv8/tools/compiler/gcc-arm-none-eabi-7-2017-q4-major/bin/../lib/gcc/arm-none-eabi/7.2.1/../../../../arm-none-eabi/lib/thumb/v7e-m/fpv4-sp/hard/crt0.o
 .data          0x0000000020000004        0x0 ./debug.o
 .data          0x0000000020000004        0x0 ./gpio.o
 .data          0x0000000020000004        0x0 ./led.o
 .data          0x0000000020000004        0x0 ./main.o
 .data          0x0000000020000004        0x0 ./rtcs.o
 .data          0x0000000020000004        0x0 ./sw1.o
 .data          0x0000000020000004        0x0 ./systick.o
 .data          0x0000000020000004        0x0 ./tm4c123gh6pm_startup_ccs_gcc.o
 .data          0x0000000020000004        0x0 ./uart.o
 .data          0x0000000020000004        0x0 /Users/Tilman/Documents/CCS/ccsv8/tools/compiler/gcc-arm-none-eabi-7-2017-q4-major/bin/../lib/gcc/arm-none-eabi/7.2.1/../../../../arm-none-eabi/lib/thumb/v7e-m/fpv4-sp/hard/libg.a(lib_a-exit.o)
 .data          0x0000000020000004        0x0 /Users/Tilman/Documents/CCS/ccsv8/tools/compiler/gcc-arm-none-eabi-7-2017-q4-major/bin/../lib/gcc/arm-none-eabi/7.2.1/../../../../arm-none-eabi/lib/thumb/v7e-m/fpv4-sp/hard/libg.a(lib_a-impure.o)
 .data          0x0000000020000004        0x0 /Users/Tilman/Documents/CCS/ccsv8/tools/compiler/gcc-arm-none-eabi-7-2017-q4-major/bin/../lib/gcc/arm-none-eabi/7.2.1/../../../../arm-none-eabi/lib/thumb/v7e-m/fpv4-sp/hard/libg.a(lib_a-init.o)
 .data          0x0000000020000004        0x0 /Users/Tilman/Documents/CCS/ccsv8/tools/compiler/gcc-arm-none-eabi-7-2017-q4-major/bin/../lib/gcc/arm-none-eabi/7.2.1/../../../../arm-none-eabi/lib/thumb/v7e-m/fpv4-sp/hard/libg.a(lib_a-memset.o)
 .data          0x0000000020000004        0x0 /Users/Tilman/Documents/CCS/ccsv8/tools/compiler/gcc-arm-none-eabi-7-2017-q4-major/bin/../lib/gcc/arm-none-eabi/7.2.1/../../../../arm-none-eabi/lib/thumb/v7e-m/fpv4-sp/hard/libg.a(lib_a-__call_atexit.o)
 .data          0x0000000020000004        0x0 /Users/Tilman/Documents/CCS/ccsv8/tools/compiler/gcc-arm-none-eabi-7-2017-q4-major/bin/../lib/gcc/arm-none-eabi/7.2.1/../../../../arm-none-eabi/lib/thumb/v7e-m/fpv4-sp/hard/libg.a(lib_a-atexit.o)
 .data          0x0000000020000004        0x0 /Users/Tilman/Documents/CCS/ccsv8/tools/compiler/gcc-arm-none-eabi-7-2017-q4-major/bin/../lib/gcc/arm-none-eabi/7.2.1/../../../../arm-none-eabi/lib/thumb/v7e-m/fpv4-sp/hard/libg.a(lib_a-fini.o)
 .data          0x0000000020000004        0x0 /Users/Tilman/Documents/CCS/ccsv8/tools/compiler/gcc-arm-none-eabi-7-2017-q4-major/bin/../lib/gcc/arm-none-eabi/7.2.1/../../../../arm-none-eabi/lib/thumb/v7e-m/fpv4-sp/hard/libg.a(lib_a-lock.o)
 .data          0x0000000020000004        0x0 /Users/Tilman/Documents/CCS/ccsv8/tools/compiler/gcc-arm-none-eabi-7-2017-q4-major/bin/../lib/gcc/arm-none-eabi/7.2.1/../../../../arm-none-eabi/lib/thumb/v7e-m/fpv4-sp/hard/libg.a(lib_a-__atexit.o)
 .data          0x0000000020000004        0x0 /Users/Tilman/Documents/CCS/ccsv8/tools/compiler/gcc-arm-none-eabi-7-2017-q4-major/bin/../lib/gcc/arm-none-eabi/7.2.1/../../../../arm-none-eabi/lib/thumb/v7e-m/fpv4-sp/hard/libnosys.a(_exit.o)
 .data          0x0000000020000004        0x0 /Users/Tilman/Documents/CCS/ccsv8/tools/compiler/gcc-arm-none-eabi-7-2017-q4-major/bin/../lib/gcc/arm-none-eabi/7.2.1/thumb/v7e-m/fpv4-sp/hard/crtend.o
 .data          0x0000000020000004        0x0 /Users/Tilman/Documents/CCS/ccsv8/tools/compiler/gcc-arm-none-eabi-7-2017-q4-major/bin/../lib/gcc/arm-none-eabi/7.2.1/thumb/v7e-m/fpv4-sp/hard/crtn.o
 *(.data*)
 .data._impure_ptr
                0x0000000020000004        0x4 /Users/Tilman/Documents/CCS/ccsv8/tools/compiler/gcc-arm-none-eabi-7-2017-q4-major/bin/../lib/gcc/arm-none-eabi/7.2.1/../../../../arm-none-eabi/lib/thumb/v7e-m/fpv4-sp/hard/libg.a(lib_a-impure.o)
                0x0000000020000004                _impure_ptr
 .data.impure_data
                0x0000000020000008      0x428 /Users/Tilman/Documents/CCS/ccsv8/tools/compiler/gcc-arm-none-eabi-7-2017-q4-major/bin/../lib/gcc/arm-none-eabi/7.2.1/../../../../arm-none-eabi/lib/thumb/v7e-m/fpv4-sp/hard/libg.a(lib_a-impure.o)
 .data.__atexit_recursive_mutex
                0x0000000020000430        0x4 /Users/Tilman/Documents/CCS/ccsv8/tools/compiler/gcc-arm-none-eabi-7-2017-q4-major/bin/../lib/gcc/arm-none-eabi/7.2.1/../../../../arm-none-eabi/lib/thumb/v7e-m/fpv4-sp/hard/libg.a(lib_a-__call_atexit.o)
                0x0000000020000430                __atexit_recursive_mutex
                0x0000000020000434                . = ALIGN (0x4)
                0x0000000020000434                __data_end__ = .

.igot.plt       0x0000000020000434        0x0 load address 0x0000000000002228
 .igot.plt      0x0000000020000434        0x0 /Users/Tilman/Documents/CCS/ccsv8/tools/compiler/gcc-arm-none-eabi-7-2017-q4-major/bin/../lib/gcc/arm-none-eabi/7.2.1/thumb/v7e-m/fpv4-sp/hard/crtbegin.o

.ARM.exidx      0x0000000000002228        0x8
                0x0000000000002228                __exidx_start = .
 *(.ARM.exidx* .gnu.linkonce.armexidx.*)
 .ARM.exidx     0x0000000000002228        0x8 /Users/Tilman/Documents/CCS/ccsv8/tools/compiler/gcc-arm-none-eabi-7-2017-q4-major/bin/../lib/gcc/arm-none-eabi/7.2.1/../../../../arm-none-eabi/lib/thumb/v7e-m/fpv4-sp/hard/crt0.o
                0x0000000000002230                __exidx_end = .

.ARM.extab      0x0000000000002230        0x0
 *(.ARM.extab* .gnu.linkonce.armextab.*)
 .ARM.extab     0x0000000000002230        0x0 /Users/Tilman/Documents/CCS/ccsv8/tools/compiler/gcc-arm-none-eabi-7-2017-q4-major/bin/../lib/gcc/arm-none-eabi/7.2.1/../../../../arm-none-eabi/lib/thumb/v7e-m/fpv4-sp/hard/crt0.o

.rel.dyn        0x0000000000002230        0x0
 .rel.iplt      0x0000000000002230        0x0 /Users/Tilman/Documents/CCS/ccsv8/tools/compiler/gcc-arm-none-eabi-7-2017-q4-major/bin/../lib/gcc/arm-none-eabi/7.2.1/thumb/v7e-m/fpv4-sp/hard/crtbegin.o

.bss            0x0000000020000434     0x1468
                0x0000000020000434                __bss_start__ = .
 *(.shbss)
 *(.bss)
 .bss           0x0000000020000434        0x0 /Users/Tilman/Documents/CCS/ccsv8/tools/compiler/gcc-arm-none-eabi-7-2017-q4-major/bin/../lib/gcc/arm-none-eabi/7.2.1/thumb/v7e-m/fpv4-sp/hard/crti.o
 .bss           0x0000000020000434       0x1c /Users/Tilman/Documents/CCS/ccsv8/tools/compiler/gcc-arm-none-eabi-7-2017-q4-major/bin/../lib/gcc/arm-none-eabi/7.2.1/thumb/v7e-m/fpv4-sp/hard/crtbegin.o
 .bss           0x0000000020000450        0x0 /Users/Tilman/Documents/CCS/ccsv8/tools/compiler/gcc-arm-none-eabi-7-2017-q4-major/bin/../lib/gcc/arm-none-eabi/7.2.1/../../../../arm-none-eabi/lib/thumb/v7e-m/fpv4-sp/hard/crt0.o
 .bss           0x0000000020000450        0x0 ./debug.o
 .bss           0x0000000020000450        0x0 ./gpio.o
 .bss           0x0000000020000450        0x0 ./led.o
 .bss           0x0000000020000450        0x0 ./main.o
 .bss           0x0000000020000450        0x0 ./rtcs.o
 .bss           0x0000000020000450        0x0 ./sw1.o
 .bss           0x0000000020000450        0x0 ./systick.o
 .bss           0x0000000020000450        0x0 ./tm4c123gh6pm_startup_ccs_gcc.o
 .bss           0x0000000020000450        0x0 ./uart.o
 .bss           0x0000000020000450        0x0 /Users/Tilman/Documents/CCS/ccsv8/tools/compiler/gcc-arm-none-eabi-7-2017-q4-major/bin/../lib/gcc/arm-none-eabi/7.2.1/../../../../arm-none-eabi/lib/thumb/v7e-m/fpv4-sp/hard/libg.a(lib_a-exit.o)
 .bss           0x0000000020000450        0x0 /Users/Tilman/Documents/CCS/ccsv8/tools/compiler/gcc-arm-none-eabi-7-2017-q4-major/bin/../lib/gcc/arm-none-eabi/7.2.1/../../../../arm-none-eabi/lib/thumb/v7e-m/fpv4-sp/hard/libg.a(lib_a-impure.o)
 .bss           0x0000000020000450        0x0 /Users/Tilman/Documents/CCS/ccsv8/tools/compiler/gcc-arm-none-eabi-7-2017-q4-major/bin/../lib/gcc/arm-none-eabi/7.2.1/../../../../arm-none-eabi/lib/thumb/v7e-m/fpv4-sp/hard/libg.a(lib_a-init.o)
 .bss           0x0000000020000450        0x0 /Users/Tilman/Documents/CCS/ccsv8/tools/compiler/gcc-arm-none-eabi-7-2017-q4-major/bin/../lib/gcc/arm-none-eabi/7.2.1/../../../../arm-none-eabi/lib/thumb/v7e-m/fpv4-sp/hard/libg.a(lib_a-memset.o)
 .bss           0x0000000020000450        0x0 /Users/Tilman/Documents/CCS/ccsv8/tools/compiler/gcc-arm-none-eabi-7-2017-q4-major/bin/../lib/gcc/arm-none-eabi/7.2.1/../../../../arm-none-eabi/lib/thumb/v7e-m/fpv4-sp/hard/libg.a(lib_a-__call_atexit.o)
 .bss           0x0000000020000450        0x0 /Users/Tilman/Documents/CCS/ccsv8/tools/compiler/gcc-arm-none-eabi-7-2017-q4-major/bin/../lib/gcc/arm-none-eabi/7.2.1/../../../../arm-none-eabi/lib/thumb/v7e-m/fpv4-sp/hard/libg.a(lib_a-atexit.o)
 .bss           0x0000000020000450        0x0 /Users/Tilman/Documents/CCS/ccsv8/tools/compiler/gcc-arm-none-eabi-7-2017-q4-major/bin/../lib/gcc/arm-none-eabi/7.2.1/../../../../arm-none-eabi/lib/thumb/v7e-m/fpv4-sp/hard/libg.a(lib_a-fini.o)
 .bss           0x0000000020000450        0x0 /Users/Tilman/Documents/CCS/ccsv8/tools/compiler/gcc-arm-none-eabi-7-2017-q4-major/bin/../lib/gcc/arm-none-eabi/7.2.1/../../../../arm-none-eabi/lib/thumb/v7e-m/fpv4-sp/hard/libg.a(lib_a-lock.o)
 .bss           0x0000000020000450        0x0 /Users/Tilman/Documents/CCS/ccsv8/tools/compiler/gcc-arm-none-eabi-7-2017-q4-major/bin/../lib/gcc/arm-none-eabi/7.2.1/../../../../arm-none-eabi/lib/thumb/v7e-m/fpv4-sp/hard/libg.a(lib_a-__atexit.o)
 .bss           0x0000000020000450        0x0 /Users/Tilman/Documents/CCS/ccsv8/tools/compiler/gcc-arm-none-eabi-7-2017-q4-major/bin/../lib/gcc/arm-none-eabi/7.2.1/../../../../arm-none-eabi/lib/thumb/v7e-m/fpv4-sp/hard/libnosys.a(_exit.o)
 .bss           0x0000000020000450        0x0 /Users/Tilman/Documents/CCS/ccsv8/tools/compiler/gcc-arm-none-eabi-7-2017-q4-major/bin/../lib/gcc/arm-none-eabi/7.2.1/thumb/v7e-m/fpv4-sp/hard/crtend.o
 .bss           0x0000000020000450        0x0 /Users/Tilman/Documents/CCS/ccsv8/tools/compiler/gcc-arm-none-eabi-7-2017-q4-major/bin/../lib/gcc/arm-none-eabi/7.2.1/thumb/v7e-m/fpv4-sp/hard/crtn.o
 *(.bss.*)
 .bss.c.5472    0x0000000020000450        0x1 ./debug.o
 .bss.next_id.5512
                0x0000000020000451        0x1 ./rtcs.o
 .bss.ticks     0x0000000020000452        0x2 ./systick.o
                0x0000000020000452                ticks
 .bss.pui32Stack
                0x0000000020000454      0x200 ./tm4c123gh6pm_startup_ccs_gcc.o
 *(COMMON)
 COMMON         0x0000000020000654       0x40 ./main.o
                0x0000000020000654                pof
 COMMON         0x0000000020000694     0x11e4 ./rtcs.o
                0x0000000020000694                pos
                0x0000000020000794                current_task
                0x0000000020000798                pot
                0x0000000020000858                poq
 COMMON         0x0000000020001878       0x21 /Users/Tilman/Documents/CCS/ccsv8/tools/compiler/gcc-arm-none-eabi-7-2017-q4-major/bin/../lib/gcc/arm-none-eabi/7.2.1/../../../../arm-none-eabi/lib/thumb/v7e-m/fpv4-sp/hard/libg.a(lib_a-lock.o)
                0x0000000020001878                __lock___atexit_recursive_mutex
                0x000000002000187c                __lock___arc4random_mutex
                0x0000000020001880                __lock___env_recursive_mutex
                0x0000000020001884                __lock___sinit_recursive_mutex
                0x0000000020001888                __lock___malloc_recursive_mutex
                0x000000002000188c                __lock___at_quick_exit_mutex
                0x0000000020001890                __lock___dd_hash_mutex
                0x0000000020001894                __lock___tz_mutex
                0x0000000020001898                __lock___sfp_recursive_mutex
                0x000000002000189c                . = ALIGN (0x4)
 *fill*         0x0000000020001899        0x3 
                0x000000002000189c                __bss_end__ = .

.heap           0x000000002000189c        0x0
                0x000000002000189c                __heap_start__ = .
                0x000000002000189c                end = __heap_start__
                0x000000002000189c                _end = end
                0x000000002000189c                __end = end
 *(.heap)
                0x000000002000189c                __heap_end__ = .
                0x000000002000189c                __HeapLimit = __heap_end__

.stack          0x00000000200018a0        0x0
                0x00000000200018a0                _stack = .
                0x00000000200018a0                __stack = .
 *(.stack)
START GROUP
LOAD /Users/Tilman/Documents/CCS/ccsv8/tools/compiler/gcc-arm-none-eabi-7-2017-q4-major/bin/../lib/gcc/arm-none-eabi/7.2.1/thumb/v7e-m/fpv4-sp/hard/libgcc.a
LOAD /Users/Tilman/Documents/CCS/ccsv8/tools/compiler/gcc-arm-none-eabi-7-2017-q4-major/bin/../lib/gcc/arm-none-eabi/7.2.1/../../../../arm-none-eabi/lib/thumb/v7e-m/fpv4-sp/hard/libg.a
LOAD /Users/Tilman/Documents/CCS/ccsv8/tools/compiler/gcc-arm-none-eabi-7-2017-q4-major/bin/../lib/gcc/arm-none-eabi/7.2.1/../../../../arm-none-eabi/lib/thumb/v7e-m/fpv4-sp/hard/libc.a
END GROUP
START GROUP
LOAD /Users/Tilman/Documents/CCS/ccsv8/tools/compiler/gcc-arm-none-eabi-7-2017-q4-major/bin/../lib/gcc/arm-none-eabi/7.2.1/thumb/v7e-m/fpv4-sp/hard/libgcc.a
LOAD /Users/Tilman/Documents/CCS/ccsv8/tools/compiler/gcc-arm-none-eabi-7-2017-q4-major/bin/../lib/gcc/arm-none-eabi/7.2.1/../../../../arm-none-eabi/lib/thumb/v7e-m/fpv4-sp/hard/libc.a
LOAD /Users/Tilman/Documents/CCS/ccsv8/tools/compiler/gcc-arm-none-eabi-7-2017-q4-major/bin/../lib/gcc/arm-none-eabi/7.2.1/../../../../arm-none-eabi/lib/thumb/v7e-m/fpv4-sp/hard/libnosys.a
END GROUP
LOAD /Users/Tilman/Documents/CCS/ccsv8/tools/compiler/gcc-arm-none-eabi-7-2017-q4-major/bin/../lib/gcc/arm-none-eabi/7.2.1/thumb/v7e-m/fpv4-sp/hard/crtend.o
LOAD /Users/Tilman/Documents/CCS/ccsv8/tools/compiler/gcc-arm-none-eabi-7-2017-q4-major/bin/../lib/gcc/arm-none-eabi/7.2.1/thumb/v7e-m/fpv4-sp/hard/crtn.o
OUTPUT(lab7_assig6_til.out elf32-littlearm)

.ARM.attributes
                0x0000000000000000       0x30
 .ARM.attributes
                0x0000000000000000       0x22 /Users/Tilman/Documents/CCS/ccsv8/tools/compiler/gcc-arm-none-eabi-7-2017-q4-major/bin/../lib/gcc/arm-none-eabi/7.2.1/thumb/v7e-m/fpv4-sp/hard/crti.o
 .ARM.attributes
                0x0000000000000022       0x34 /Users/Tilman/Documents/CCS/ccsv8/tools/compiler/gcc-arm-none-eabi-7-2017-q4-major/bin/../lib/gcc/arm-none-eabi/7.2.1/thumb/v7e-m/fpv4-sp/hard/crtbegin.o
 .ARM.attributes
                0x0000000000000056       0x20 /Users/Tilman/Documents/CCS/ccsv8/tools/compiler/gcc-arm-none-eabi-7-2017-q4-major/bin/../lib/gcc/arm-none-eabi/7.2.1/../../../../arm-none-eabi/lib/thumb/v7e-m/fpv4-sp/hard/crt0.o
 .ARM.attributes
                0x0000000000000076       0x39 ./debug.o
 .ARM.attributes
                0x00000000000000af       0x39 ./gpio.o
 .ARM.attributes
                0x00000000000000e8       0x39 ./led.o
 .ARM.attributes
                0x0000000000000121       0x39 ./main.o
 .ARM.attributes
                0x000000000000015a       0x39 ./rtcs.o
 .ARM.attributes
                0x0000000000000193       0x39 ./sw1.o
 .ARM.attributes
                0x00000000000001cc       0x39 ./systick.o
 .ARM.attributes
                0x0000000000000205       0x39 ./tm4c123gh6pm_startup_ccs_gcc.o
 .ARM.attributes
                0x000000000000023e       0x39 ./uart.o
 .ARM.attributes
                0x0000000000000277       0x34 /Users/Tilman/Documents/CCS/ccsv8/tools/compiler/gcc-arm-none-eabi-7-2017-q4-major/bin/../lib/gcc/arm-none-eabi/7.2.1/../../../../arm-none-eabi/lib/thumb/v7e-m/fpv4-sp/hard/libg.a(lib_a-exit.o)
 .ARM.attributes
                0x00000000000002ab       0x34 /Users/Tilman/Documents/CCS/ccsv8/tools/compiler/gcc-arm-none-eabi-7-2017-q4-major/bin/../lib/gcc/arm-none-eabi/7.2.1/../../../../arm-none-eabi/lib/thumb/v7e-m/fpv4-sp/hard/libg.a(lib_a-impure.o)
 .ARM.attributes
                0x00000000000002df       0x34 /Users/Tilman/Documents/CCS/ccsv8/tools/compiler/gcc-arm-none-eabi-7-2017-q4-major/bin/../lib/gcc/arm-none-eabi/7.2.1/../../../../arm-none-eabi/lib/thumb/v7e-m/fpv4-sp/hard/libg.a(lib_a-init.o)
 .ARM.attributes
                0x0000000000000313       0x34 /Users/Tilman/Documents/CCS/ccsv8/tools/compiler/gcc-arm-none-eabi-7-2017-q4-major/bin/../lib/gcc/arm-none-eabi/7.2.1/../../../../arm-none-eabi/lib/thumb/v7e-m/fpv4-sp/hard/libg.a(lib_a-memset.o)
 .ARM.attributes
                0x0000000000000347       0x34 /Users/Tilman/Documents/CCS/ccsv8/tools/compiler/gcc-arm-none-eabi-7-2017-q4-major/bin/../lib/gcc/arm-none-eabi/7.2.1/../../../../arm-none-eabi/lib/thumb/v7e-m/fpv4-sp/hard/libg.a(lib_a-__call_atexit.o)
 .ARM.attributes
                0x000000000000037b       0x34 /Users/Tilman/Documents/CCS/ccsv8/tools/compiler/gcc-arm-none-eabi-7-2017-q4-major/bin/../lib/gcc/arm-none-eabi/7.2.1/../../../../arm-none-eabi/lib/thumb/v7e-m/fpv4-sp/hard/libg.a(lib_a-atexit.o)
 .ARM.attributes
                0x00000000000003af       0x34 /Users/Tilman/Documents/CCS/ccsv8/tools/compiler/gcc-arm-none-eabi-7-2017-q4-major/bin/../lib/gcc/arm-none-eabi/7.2.1/../../../../arm-none-eabi/lib/thumb/v7e-m/fpv4-sp/hard/libg.a(lib_a-fini.o)
 .ARM.attributes
                0x00000000000003e3       0x34 /Users/Tilman/Documents/CCS/ccsv8/tools/compiler/gcc-arm-none-eabi-7-2017-q4-major/bin/../lib/gcc/arm-none-eabi/7.2.1/../../../../arm-none-eabi/lib/thumb/v7e-m/fpv4-sp/hard/libg.a(lib_a-lock.o)
 .ARM.attributes
                0x0000000000000417       0x34 /Users/Tilman/Documents/CCS/ccsv8/tools/compiler/gcc-arm-none-eabi-7-2017-q4-major/bin/../lib/gcc/arm-none-eabi/7.2.1/../../../../arm-none-eabi/lib/thumb/v7e-m/fpv4-sp/hard/libg.a(lib_a-__atexit.o)
 .ARM.attributes
                0x000000000000044b       0x34 /Users/Tilman/Documents/CCS/ccsv8/tools/compiler/gcc-arm-none-eabi-7-2017-q4-major/bin/../lib/gcc/arm-none-eabi/7.2.1/../../../../arm-none-eabi/lib/thumb/v7e-m/fpv4-sp/hard/libnosys.a(_exit.o)
 .ARM.attributes
                0x000000000000047f       0x34 /Users/Tilman/Documents/CCS/ccsv8/tools/compiler/gcc-arm-none-eabi-7-2017-q4-major/bin/../lib/gcc/arm-none-eabi/7.2.1/thumb/v7e-m/fpv4-sp/hard/crtend.o
 .ARM.attributes
                0x00000000000004b3       0x22 /Users/Tilman/Documents/CCS/ccsv8/tools/compiler/gcc-arm-none-eabi-7-2017-q4-major/bin/../lib/gcc/arm-none-eabi/7.2.1/thumb/v7e-m/fpv4-sp/hard/crtn.o

.comment        0x0000000000000000       0x7e
 .comment       0x0000000000000000       0x7e ./debug.o
                                         0x7f (size before relaxing)
 .comment       0x000000000000007e       0x7f ./gpio.o
 .comment       0x000000000000007e       0x7f ./led.o
 .comment       0x000000000000007e       0x7f ./main.o
 .comment       0x000000000000007e       0x7f ./rtcs.o
 .comment       0x000000000000007e       0x7f ./sw1.o
 .comment       0x000000000000007e       0x7f ./systick.o
 .comment       0x000000000000007e       0x7f ./tm4c123gh6pm_startup_ccs_gcc.o
 .comment       0x000000000000007e       0x7f ./uart.o

.debug_info     0x0000000000000000     0x1652
 .debug_info    0x0000000000000000      0x146 ./debug.o
 .debug_info    0x0000000000000146       0xb2 ./gpio.o
 .debug_info    0x00000000000001f8      0x24b ./led.o
 .debug_info    0x0000000000000443      0x5b6 ./main.o
 .debug_info    0x00000000000009f9      0x5c6 ./rtcs.o
 .debug_info    0x0000000000000fbf      0x137 ./sw1.o
 .debug_info    0x00000000000010f6       0xfb ./systick.o
 .debug_info    0x00000000000011f1      0x18e ./tm4c123gh6pm_startup_ccs_gcc.o
 .debug_info    0x000000000000137f      0x2d3 ./uart.o

.debug_abbrev   0x0000000000000000      0x875
 .debug_abbrev  0x0000000000000000       0xbf ./debug.o
 .debug_abbrev  0x00000000000000bf       0x5b ./gpio.o
 .debug_abbrev  0x000000000000011a       0xcc ./led.o
 .debug_abbrev  0x00000000000001e6      0x209 ./main.o
 .debug_abbrev  0x00000000000003ef      0x1d1 ./rtcs.o
 .debug_abbrev  0x00000000000005c0       0xa9 ./sw1.o
 .debug_abbrev  0x0000000000000669       0x77 ./systick.o
 .debug_abbrev  0x00000000000006e0       0xca ./tm4c123gh6pm_startup_ccs_gcc.o
 .debug_abbrev  0x00000000000007aa       0xcb ./uart.o

.debug_aranges  0x0000000000000000      0x2a0
 .debug_aranges
                0x0000000000000000       0x20 ./debug.o
 .debug_aranges
                0x0000000000000020       0x20 ./gpio.o
 .debug_aranges
                0x0000000000000040       0x40 ./led.o
 .debug_aranges
                0x0000000000000080       0x88 ./main.o
 .debug_aranges
                0x0000000000000108       0x88 ./rtcs.o
 .debug_aranges
                0x0000000000000190       0x28 ./sw1.o
 .debug_aranges
                0x00000000000001b8       0x38 ./systick.o
 .debug_aranges
                0x00000000000001f0       0x38 ./tm4c123gh6pm_startup_ccs_gcc.o
 .debug_aranges
                0x0000000000000228       0x78 ./uart.o

.debug_ranges   0x0000000000000000      0x210
 .debug_ranges  0x0000000000000000       0x10 ./debug.o
 .debug_ranges  0x0000000000000010       0x10 ./gpio.o
 .debug_ranges  0x0000000000000020       0x30 ./led.o
 .debug_ranges  0x0000000000000050       0x78 ./main.o
 .debug_ranges  0x00000000000000c8       0x78 ./rtcs.o
 .debug_ranges  0x0000000000000140       0x18 ./sw1.o
 .debug_ranges  0x0000000000000158       0x28 ./systick.o
 .debug_ranges  0x0000000000000180       0x28 ./tm4c123gh6pm_startup_ccs_gcc.o
 .debug_ranges  0x00000000000001a8       0x68 ./uart.o

.debug_line     0x0000000000000000     0x117f
 .debug_line    0x0000000000000000       0xc3 ./debug.o
 .debug_line    0x00000000000000c3      0x143 ./gpio.o
 .debug_line    0x0000000000000206      0x1f9 ./led.o
 .debug_line    0x00000000000003ff      0x2fa ./main.o
 .debug_line    0x00000000000006f9      0x2f5 ./rtcs.o
 .debug_line    0x00000000000009ee      0x1be ./sw1.o
 .debug_line    0x0000000000000bac      0x1cf ./systick.o
 .debug_line    0x0000000000000d7b      0x18d ./tm4c123gh6pm_startup_ccs_gcc.o
 .debug_line    0x0000000000000f08      0x277 ./uart.o

.debug_str      0x0000000000000000      0x686
 .debug_str     0x0000000000000000      0x1df ./debug.o
                                        0x219 (size before relaxing)
 .debug_str     0x00000000000001df       0x25 ./gpio.o
                                        0x1f8 (size before relaxing)
 .debug_str     0x0000000000000204       0x67 ./led.o
                                        0x278 (size before relaxing)
 .debug_str     0x000000000000026b      0x10e ./main.o
                                        0x303 (size before relaxing)
 .debug_str     0x0000000000000379      0x109 ./rtcs.o
                                        0x340 (size before relaxing)
 .debug_str     0x0000000000000482       0x1d ./sw1.o
                                        0x233 (size before relaxing)
 .debug_str     0x000000000000049f       0x4f ./systick.o
                                        0x23a (size before relaxing)
 .debug_str     0x00000000000004ee       0xbb ./tm4c123gh6pm_startup_ccs_gcc.o
                                        0x28c (size before relaxing)
 .debug_str     0x00000000000005a9       0xdd ./uart.o
                                        0x303 (size before relaxing)

.debug_frame    0x0000000000000000      0xb24
 .debug_frame   0x0000000000000000       0x38 ./debug.o
 .debug_frame   0x0000000000000038       0x38 ./gpio.o
 .debug_frame   0x0000000000000070       0xd8 ./led.o
 .debug_frame   0x0000000000000148      0x248 ./main.o
 .debug_frame   0x0000000000000390      0x228 ./rtcs.o
 .debug_frame   0x00000000000005b8       0x58 ./sw1.o
 .debug_frame   0x0000000000000610       0x90 ./systick.o
 .debug_frame   0x00000000000006a0       0x7c ./tm4c123gh6pm_startup_ccs_gcc.o
 .debug_frame   0x000000000000071c      0x1c8 ./uart.o
 .debug_frame   0x00000000000008e4       0x28 /Users/Tilman/Documents/CCS/ccsv8/tools/compiler/gcc-arm-none-eabi-7-2017-q4-major/bin/../lib/gcc/arm-none-eabi/7.2.1/../../../../arm-none-eabi/lib/thumb/v7e-m/fpv4-sp/hard/libg.a(lib_a-exit.o)
 .debug_frame   0x000000000000090c       0x2c /Users/Tilman/Documents/CCS/ccsv8/tools/compiler/gcc-arm-none-eabi-7-2017-q4-major/bin/../lib/gcc/arm-none-eabi/7.2.1/../../../../arm-none-eabi/lib/thumb/v7e-m/fpv4-sp/hard/libg.a(lib_a-init.o)
 .debug_frame   0x0000000000000938       0x38 /Users/Tilman/Documents/CCS/ccsv8/tools/compiler/gcc-arm-none-eabi-7-2017-q4-major/bin/../lib/gcc/arm-none-eabi/7.2.1/../../../../arm-none-eabi/lib/thumb/v7e-m/fpv4-sp/hard/libg.a(lib_a-memset.o)
 .debug_frame   0x0000000000000970       0x5c /Users/Tilman/Documents/CCS/ccsv8/tools/compiler/gcc-arm-none-eabi-7-2017-q4-major/bin/../lib/gcc/arm-none-eabi/7.2.1/../../../../arm-none-eabi/lib/thumb/v7e-m/fpv4-sp/hard/libg.a(lib_a-__call_atexit.o)
 .debug_frame   0x00000000000009cc       0x20 /Users/Tilman/Documents/CCS/ccsv8/tools/compiler/gcc-arm-none-eabi-7-2017-q4-major/bin/../lib/gcc/arm-none-eabi/7.2.1/../../../../arm-none-eabi/lib/thumb/v7e-m/fpv4-sp/hard/libg.a(lib_a-atexit.o)
 .debug_frame   0x00000000000009ec       0x34 /Users/Tilman/Documents/CCS/ccsv8/tools/compiler/gcc-arm-none-eabi-7-2017-q4-major/bin/../lib/gcc/arm-none-eabi/7.2.1/../../../../arm-none-eabi/lib/thumb/v7e-m/fpv4-sp/hard/libg.a(lib_a-fini.o)
 .debug_frame   0x0000000000000a20       0xb0 /Users/Tilman/Documents/CCS/ccsv8/tools/compiler/gcc-arm-none-eabi-7-2017-q4-major/bin/../lib/gcc/arm-none-eabi/7.2.1/../../../../arm-none-eabi/lib/thumb/v7e-m/fpv4-sp/hard/libg.a(lib_a-lock.o)
 .debug_frame   0x0000000000000ad0       0x34 /Users/Tilman/Documents/CCS/ccsv8/tools/compiler/gcc-arm-none-eabi-7-2017-q4-major/bin/../lib/gcc/arm-none-eabi/7.2.1/../../../../arm-none-eabi/lib/thumb/v7e-m/fpv4-sp/hard/libg.a(lib_a-__atexit.o)
 .debug_frame   0x0000000000000b04       0x20 /Users/Tilman/Documents/CCS/ccsv8/tools/compiler/gcc-arm-none-eabi-7-2017-q4-major/bin/../lib/gcc/arm-none-eabi/7.2.1/../../../../arm-none-eabi/lib/thumb/v7e-m/fpv4-sp/hard/libnosys.a(_exit.o)
